11:03:55 **** Incremental Build of configuration Debug for project DMA_tuto_CM7 ****
make -j12 all 
arm-none-eabi-gcc "../Core/Src/main.c" -mcpu=cortex-m7 -std=gnu11 -g3 -DDEBUG -DCORE_CM7 -DUSE_HAL_DRIVER -DSTM32H747xx -c -I../Core/Inc -I../../Drivers/STM32H7xx_HAL_Driver/Inc -I../../Drivers/STM32H7xx_HAL_Driver/Inc/Legacy -I../../Drivers/CMSIS/Device/ST/STM32H7xx/Include -I../../Drivers/CMSIS/Include -O0 -ffunction-sections -fdata-sections -Wall -fstack-usage -fcyclomatic-complexity -MMD -MP -MF"Core/Src/main.d" -MT"Core/Src/main.o" --specs=nano.specs -mfpu=fpv5-d16 -mfloat-abi=hard -mthumb -o "Core/Src/main.o"
arm-none-eabi-gcc -o "DMA_tuto_CM7.elf" @"objects.list"   -mcpu=cortex-m7 -T"C:\Users\rolland\Documents\stm32_tuto\DMA_tuto\CM7\STM32H747XIHX_FLASH.ld" --specs=nosys.specs -Wl,-Map="DMA_tuto_CM7.map" -Wl,--gc-sections -static --specs=nano.specs -mfpu=fpv5-d16 -mfloat-abi=hard -mthumb -Wl,--start-group -lc -lm -Wl,--end-group
Finished building target: DMA_tuto_CM7.elf
 
arm-none-eabi-size  DMA_tuto_CM7.elf 
arm-none-eabi-objdump -h -S DMA_tuto_CM7.elf  > "DMA_tuto_CM7.list"
   text	   data	    bss	    dec	    hex	filename
  35088	     28	   1980	  37096	   90e8	DMA_tuto_CM7.elf
Finished building: default.size.stdout
 
Finished building: DMA_tuto_CM7.list
 

11:03:58 Build Finished. 0 errors, 0 warnings. (took 2s.362ms)

