10:59:43 **** Incremental Build of configuration Debug for project DMA_tuto_CM7 ****
make -j12 all 
arm-none-eabi-gcc "../Core/Src/main.c" -mcpu=cortex-m7 -std=gnu11 -g3 -DDEBUG -DCORE_CM7 -DUSE_HAL_DRIVER -DSTM32H747xx -c -I../Core/Inc -I../../Drivers/STM32H7xx_HAL_Driver/Inc -I../../Drivers/STM32H7xx_HAL_Driver/Inc/Legacy -I../../Drivers/CMSIS/Device/ST/STM32H7xx/Include -I../../Drivers/CMSIS/Include -O0 -ffunction-sections -fdata-sections -Wall -fstack-usage -fcyclomatic-complexity -MMD -MP -MF"Core/Src/main.d" -MT"Core/Src/main.o" --specs=nano.specs -mfpu=fpv5-d16 -mfloat-abi=hard -mthumb -o "Core/Src/main.o"
arm-none-eabi-gcc -o "DMA_tuto_CM7.elf" @"objects.list"   -mcpu=cortex-m7 -T"C:\Users\rolland\Documents\stm32_tuto\DMA_tuto\CM7\STM32H747XIHX_FLASH.ld" --specs=nosys.specs -Wl,-Map="DMA_tuto_CM7.map" -Wl,--gc-sections -static --specs=nano.specs -mfpu=fpv5-d16 -mfloat-abi=hard -mthumb -Wl,--start-group -lc -lm -Wl,--end-group
Finished building target: DMA_tuto_CM7.elf
 
arm-none-eabi-size  DMA_tuto_CM7.elf 
arm-none-eabi-objdump -h -S DMA_tuto_CM7.elf  > "DMA_tuto_CM7.list"
   text	   data	    bss	    dec	    hex	filename
  35044	     28	   1980	  37052	   90bc	DMA_tuto_CM7.elf
Finished building: default.size.stdout
 
Finished building: DMA_tuto_CM7.list
 
10:59:58 **** Incremental Build of configuration Debug for project DMA_tuto_CM7 ****
make -j12 all 
arm-none-eabi-size  DMA_tuto_CM7.elf 
   text	   data	    bss	    dec	    hex	filename
  35044	     28	   1980	  37052	   90bc	DMA_tuto_CM7.elf
Finished building: default.size.stdout
 
11:02:19 **** Incremental Build of configuration Debug for project DMA_tuto_CM7 ****
make -j12 all 
arm-none-eabi-gcc "../Core/Src/main.c" -mcpu=cortex-m7 -std=gnu11 -g3 -DDEBUG -DCORE_CM7 -DUSE_HAL_DRIVER -DSTM32H747xx -c -I../Core/Inc -I../../Drivers/STM32H7xx_HAL_Driver/Inc -I../../Drivers/STM32H7xx_HAL_Driver/Inc/Legacy -I../../Drivers/CMSIS/Device/ST/STM32H7xx/Include -I../../Drivers/CMSIS/Include -O0 -ffunction-sections -fdata-sections -Wall -fstack-usage -fcyclomatic-complexity -MMD -MP -MF"Core/Src/main.d" -MT"Core/Src/main.o" --specs=nano.specs -mfpu=fpv5-d16 -mfloat-abi=hard -mthumb -o "Core/Src/main.o"
arm-none-eabi-gcc -o "DMA_tuto_CM7.elf" @"objects.list"   -mcpu=cortex-m7 -T"C:\Users\rolland\Documents\stm32_tuto\DMA_tuto\CM7\STM32H747XIHX_FLASH.ld" --specs=nosys.specs -Wl,-Map="DMA_tuto_CM7.map" -Wl,--gc-sections -static --specs=nano.specs -mfpu=fpv5-d16 -mfloat-abi=hard -mthumb -Wl,--start-group -lc -lm -Wl,--end-group
Finished building target: DMA_tuto_CM7.elf
 
arm-none-eabi-size  DMA_tuto_CM7.elf 
arm-none-eabi-objdump -h -S DMA_tuto_CM7.elf  > "DMA_tuto_CM7.list"
   text	   data	    bss	    dec	    hex	filename
  35088	     28	   1980	  37096	   90e8	DMA_tuto_CM7.elf
Finished building: default.size.stdout
 
Finished building: DMA_tuto_CM7.list
 
11:03:18 **** Incremental Build of configuration Debug for project DMA_tuto_CM7 ****
make -j12 all 
arm-none-eabi-gcc "../Core/Src/main.c" -mcpu=cortex-m7 -std=gnu11 -g3 -DDEBUG -DCORE_CM7 -DUSE_HAL_DRIVER -DSTM32H747xx -c -I../Core/Inc -I../../Drivers/STM32H7xx_HAL_Driver/Inc -I../../Drivers/STM32H7xx_HAL_Driver/Inc/Legacy -I../../Drivers/CMSIS/Device/ST/STM32H7xx/Include -I../../Drivers/CMSIS/Include -O0 -ffunction-sections -fdata-sections -Wall -fstack-usage -fcyclomatic-complexity -MMD -MP -MF"Core/Src/main.d" -MT"Core/Src/main.o" --specs=nano.specs -mfpu=fpv5-d16 -mfloat-abi=hard -mthumb -o "Core/Src/main.o"
../Core/Src/main.c: In function 'main':
../Core/Src/main.c:170:17: warning: implicit declaration of function '_NOP' [-Wimplicit-function-declaration]
  170 |                 _NOP();
      |                 ^~~~
arm-none-eabi-gcc -o "DMA_tuto_CM7.elf" @"objects.list"   -mcpu=cortex-m7 -T"C:\Users\rolland\Documents\stm32_tuto\DMA_tuto\CM7\STM32H747XIHX_FLASH.ld" --specs=nosys.specs -Wl,-Map="DMA_tuto_CM7.map" -Wl,--gc-sections -static --specs=nano.specs -mfpu=fpv5-d16 -mfloat-abi=hard -mthumb -Wl,--start-group -lc -lm -Wl,--end-group
C:/ST/STM32CubeIDE_1.15.1/STM32CubeIDE/plugins/com.st.stm32cube.ide.mcu.externaltools.gnu-tools-for-stm32.12.3.rel1.win32_1.0.100.202403111256/tools/bin/../lib/gcc/arm-none-eabi/12.3.1/../../../../arm-none-eabi/bin/ld.exe: ./Core/Src/main.o: in function `main':
C:/Users/rolland/Documents/stm32_tuto/DMA_tuto/CM7/Debug/../Core/Src/main.c:170: undefined reference to `_NOP'
collect2.exe: error: ld returned 1 exit status
make: *** [makefile:65: DMA_tuto_CM7.elf] Error 1
"make -j12 all" terminated with exit code 2. Build might be incomplete.
11:03:55 **** Incremental Build of configuration Debug for project DMA_tuto_CM7 ****
make -j12 all 
arm-none-eabi-gcc "../Core/Src/main.c" -mcpu=cortex-m7 -std=gnu11 -g3 -DDEBUG -DCORE_CM7 -DUSE_HAL_DRIVER -DSTM32H747xx -c -I../Core/Inc -I../../Drivers/STM32H7xx_HAL_Driver/Inc -I../../Drivers/STM32H7xx_HAL_Driver/Inc/Legacy -I../../Drivers/CMSIS/Device/ST/STM32H7xx/Include -I../../Drivers/CMSIS/Include -O0 -ffunction-sections -fdata-sections -Wall -fstack-usage -fcyclomatic-complexity -MMD -MP -MF"Core/Src/main.d" -MT"Core/Src/main.o" --specs=nano.specs -mfpu=fpv5-d16 -mfloat-abi=hard -mthumb -o "Core/Src/main.o"
arm-none-eabi-gcc -o "DMA_tuto_CM7.elf" @"objects.list"   -mcpu=cortex-m7 -T"C:\Users\rolland\Documents\stm32_tuto\DMA_tuto\CM7\STM32H747XIHX_FLASH.ld" --specs=nosys.specs -Wl,-Map="DMA_tuto_CM7.map" -Wl,--gc-sections -static --specs=nano.specs -mfpu=fpv5-d16 -mfloat-abi=hard -mthumb -Wl,--start-group -lc -lm -Wl,--end-group
Finished building target: DMA_tuto_CM7.elf
 
arm-none-eabi-size  DMA_tuto_CM7.elf 
arm-none-eabi-objdump -h -S DMA_tuto_CM7.elf  > "DMA_tuto_CM7.list"
   text	   data	    bss	    dec	    hex	filename
  35088	     28	   1980	  37096	   90e8	DMA_tuto_CM7.elf
Finished building: default.size.stdout
 
Finished building: DMA_tuto_CM7.list
 
